---
http_interactions:
- request:
    method: post
    uri: https://simpleisbm.assetricity.com/rest/channels
    body:
      encoding: UTF-8
      string: '{"uri":"/Test","channelType":"Request"}'
    headers:
      User-Agent:
      - OpenAPI-Generator/2.0.1/ruby
      Content-Type:
      - application/json
      Accept:
      - application/json
      Expect:
      - ''
  response:
    status:
      code: 201
      message: ''
    headers:
      Date:
      - Sun, 10 Oct 2021 06:57:55 GMT
      Server:
      - Apache/2.4.48 () OpenSSL/1.0.2k-fips
      Access-Control-Allow-Origin:
      - "*"
      Access-Control-Allow-Methods:
      - GET,POST,PUT,DELETE,HEAD,OPTIONS
      Access-Control-Allow-Headers:
      - Accept,Authorization,Content-Type,Origin
      Location:
      - http://simpleisbm.assetricity.com/rest/channels/%2FTest
      Content-Type:
      - application/json
      Content-Length:
      - '58'
    body:
      encoding: ASCII-8BIT
      string: '{"uri":"/Test","channelType":"Request","description":null}'
    http_version:
  recorded_at: Sun, 10 Oct 2021 06:57:57 GMT
- request:
    method: post
    uri: https://simpleisbm.assetricity.com/rest/channels/%2FTest/consumer-request-sessions
    body:
      encoding: UTF-8
      string: "{}"
    headers:
      User-Agent:
      - OpenAPI-Generator/2.0.1/ruby
      Content-Type:
      - application/json
      Accept:
      - application/json
      Authorization:
      - Basic dTE6cDE=
      Expect:
      - ''
  response:
    status:
      code: 201
      message: ''
    headers:
      Date:
      - Sun, 10 Oct 2021 06:57:55 GMT
      Server:
      - Apache/2.4.48 () OpenSSL/1.0.2k-fips
      Access-Control-Allow-Origin:
      - "*"
      Access-Control-Allow-Methods:
      - GET,POST,PUT,DELETE,HEAD,OPTIONS
      Access-Control-Allow-Headers:
      - Accept,Authorization,Content-Type,Origin
      Location:
      - http://simpleisbm.assetricity.com/rest/sessions/258bab20-d3d4-4e1f-a853-b75d03fd574f
      Content-Type:
      - application/json
      Content-Length:
      - '52'
    body:
      encoding: ASCII-8BIT
      string: '{"sessionId":"258bab20-d3d4-4e1f-a853-b75d03fd574f"}'
    http_version:
  recorded_at: Sun, 10 Oct 2021 06:57:57 GMT
- request:
    method: post
    uri: https://simpleisbm.assetricity.com/rest/sessions/258bab20-d3d4-4e1f-a853-b75d03fd574f/requests
    body:
      encoding: UTF-8
      string: '{"messageContent":{"content":{"ccomData":[{"entity":{"@@type":"Asset","uuid":"C013C740-19F5-11E1-92B7-6B8E4824019B"}}]}},"topics":["topic"]}'
    headers:
      User-Agent:
      - OpenAPI-Generator/2.0.1/ruby
      Content-Type:
      - application/json
      Accept:
      - application/json
      Authorization:
      - Basic dTE6cDE=
      Expect:
      - ''
  response:
    status:
      code: 201
      message: ''
    headers:
      Date:
      - Sun, 10 Oct 2021 06:57:55 GMT
      Server:
      - Apache/2.4.48 () OpenSSL/1.0.2k-fips
      Access-Control-Allow-Origin:
      - "*"
      Access-Control-Allow-Methods:
      - GET,POST,PUT,DELETE,HEAD,OPTIONS
      Access-Control-Allow-Headers:
      - Accept,Authorization,Content-Type,Origin
      Location:
      - http://simpleisbm.assetricity.com/rest/sessions/258bab20-d3d4-4e1f-a853-b75d03fd574f/requests/7c74439f-68d5-46d7-96d6-784f70951dfe
      Content-Type:
      - application/json
      Content-Length:
      - '52'
    body:
      encoding: ASCII-8BIT
      string: '{"messageId":"7c74439f-68d5-46d7-96d6-784f70951dfe"}'
    http_version:
  recorded_at: Sun, 10 Oct 2021 06:57:57 GMT
- request:
    method: delete
    uri: https://simpleisbm.assetricity.com/rest/sessions/258bab20-d3d4-4e1f-a853-b75d03fd574f
    body:
      encoding: US-ASCII
      string: ''
    headers:
      User-Agent:
      - OpenAPI-Generator/2.0.1/ruby
      Content-Type:
      - application/json
      Accept:
      - application/json
      Authorization:
      - Basic dTE6cDE=
      Expect:
      - ''
  response:
    status:
      code: 204
      message: ''
    headers:
      Date:
      - Sun, 10 Oct 2021 06:57:55 GMT
      Server:
      - Apache/2.4.48 () OpenSSL/1.0.2k-fips
      Access-Control-Allow-Origin:
      - "*"
      Access-Control-Allow-Methods:
      - GET,POST,PUT,DELETE,HEAD,OPTIONS
      Access-Control-Allow-Headers:
      - Accept,Authorization,Content-Type,Origin
    body:
      encoding: ASCII-8BIT
      string: ''
    http_version:
  recorded_at: Sun, 10 Oct 2021 06:57:57 GMT
- request:
    method: delete
    uri: https://simpleisbm.assetricity.com/rest/channels/%2FTest
    body:
      encoding: US-ASCII
      string: ''
    headers:
      User-Agent:
      - OpenAPI-Generator/2.0.1/ruby
      Content-Type:
      - application/json
      Accept:
      - application/json
      Authorization:
      - Basic dTE6cDE=
      Expect:
      - ''
  response:
    status:
      code: 204
      message: ''
    headers:
      Date:
      - Sun, 10 Oct 2021 06:57:56 GMT
      Server:
      - Apache/2.4.48 () OpenSSL/1.0.2k-fips
      Access-Control-Allow-Origin:
      - "*"
      Access-Control-Allow-Methods:
      - GET,POST,PUT,DELETE,HEAD,OPTIONS
      Access-Control-Allow-Headers:
      - Accept,Authorization,Content-Type,Origin
    body:
      encoding: ASCII-8BIT
      string: ''
    http_version:
  recorded_at: Sun, 10 Oct 2021 06:57:57 GMT
recorded_with: VCR 3.0.3
