---
http_interactions:
- request:
    method: post
    uri: https://simpleisbm.assetricity.com/rest/channels
    body:
      encoding: UTF-8
      string: '{"uri":"/Test","channelType":"Request"}'
    headers:
      User-Agent:
      - OpenAPI-Generator/2.0.1/ruby
      Content-Type:
      - application/json
      Accept:
      - application/json
      Expect:
      - ''
  response:
    status:
      code: 201
      message: ''
    headers:
      Date:
      - Sun, 10 Oct 2021 06:58:03 GMT
      Server:
      - Apache/2.4.48 () OpenSSL/1.0.2k-fips
      Access-Control-Allow-Origin:
      - "*"
      Access-Control-Allow-Methods:
      - GET,POST,PUT,DELETE,HEAD,OPTIONS
      Access-Control-Allow-Headers:
      - Accept,Authorization,Content-Type,Origin
      Location:
      - http://simpleisbm.assetricity.com/rest/channels/%2FTest
      Content-Type:
      - application/json
      Content-Length:
      - '58'
    body:
      encoding: ASCII-8BIT
      string: '{"uri":"/Test","channelType":"Request","description":null}'
    http_version:
  recorded_at: Sun, 10 Oct 2021 06:58:04 GMT
- request:
    method: post
    uri: https://simpleisbm.assetricity.com/rest/channels/%2FTest/provider-request-sessions
    body:
      encoding: UTF-8
      string: '{"topics":["topic"],"filterExpressions":[]}'
    headers:
      User-Agent:
      - OpenAPI-Generator/2.0.1/ruby
      Content-Type:
      - application/json
      Accept:
      - application/json
      Authorization:
      - Basic dTE6cDE=
      Expect:
      - ''
  response:
    status:
      code: 201
      message: ''
    headers:
      Date:
      - Sun, 10 Oct 2021 06:58:03 GMT
      Server:
      - Apache/2.4.48 () OpenSSL/1.0.2k-fips
      Access-Control-Allow-Origin:
      - "*"
      Access-Control-Allow-Methods:
      - GET,POST,PUT,DELETE,HEAD,OPTIONS
      Access-Control-Allow-Headers:
      - Accept,Authorization,Content-Type,Origin
      Location:
      - http://simpleisbm.assetricity.com/rest/sessions/1a571a60-ddda-438b-84f6-32b2ad41a37a
      Content-Type:
      - application/json
      Content-Length:
      - '52'
    body:
      encoding: ASCII-8BIT
      string: '{"sessionId":"1a571a60-ddda-438b-84f6-32b2ad41a37a"}'
    http_version:
  recorded_at: Sun, 10 Oct 2021 06:58:04 GMT
- request:
    method: post
    uri: https://simpleisbm.assetricity.com/rest/channels/%2FTest/consumer-request-sessions
    body:
      encoding: UTF-8
      string: "{}"
    headers:
      User-Agent:
      - OpenAPI-Generator/2.0.1/ruby
      Content-Type:
      - application/json
      Accept:
      - application/json
      Authorization:
      - Basic dTE6cDE=
      Expect:
      - ''
  response:
    status:
      code: 201
      message: ''
    headers:
      Date:
      - Sun, 10 Oct 2021 06:58:03 GMT
      Server:
      - Apache/2.4.48 () OpenSSL/1.0.2k-fips
      Access-Control-Allow-Origin:
      - "*"
      Access-Control-Allow-Methods:
      - GET,POST,PUT,DELETE,HEAD,OPTIONS
      Access-Control-Allow-Headers:
      - Accept,Authorization,Content-Type,Origin
      Location:
      - http://simpleisbm.assetricity.com/rest/sessions/8dd48f8f-81db-44d2-b6f5-e3cc31c72def
      Content-Type:
      - application/json
      Content-Length:
      - '52'
    body:
      encoding: ASCII-8BIT
      string: '{"sessionId":"8dd48f8f-81db-44d2-b6f5-e3cc31c72def"}'
    http_version:
  recorded_at: Sun, 10 Oct 2021 06:58:04 GMT
- request:
    method: post
    uri: https://simpleisbm.assetricity.com/rest/sessions/8dd48f8f-81db-44d2-b6f5-e3cc31c72def/requests
    body:
      encoding: UTF-8
      string: '{"messageContent":{"mediaType":"application/xml","content":"<CCOMData
        xmlns:xsi=\"http://www.w3.org/2001/XMLSchema-instance\"\r\n          xmlns=\"http://www.mimosa.org/ccom4\">\r\n  <Entity
        xsi:type=\"Asset\">\r\n    <UUID>C013C740-19F5-11E1-92B7-6B8E4824019B</UUID>\r\n  </Entity>\r\n</CCOMData>\r\n"},"topics":["topic"]}'
    headers:
      User-Agent:
      - OpenAPI-Generator/2.0.1/ruby
      Content-Type:
      - application/json
      Accept:
      - application/json
      Authorization:
      - Basic dTE6cDE=
      Expect:
      - ''
  response:
    status:
      code: 201
      message: ''
    headers:
      Date:
      - Sun, 10 Oct 2021 06:58:03 GMT
      Server:
      - Apache/2.4.48 () OpenSSL/1.0.2k-fips
      Access-Control-Allow-Origin:
      - "*"
      Access-Control-Allow-Methods:
      - GET,POST,PUT,DELETE,HEAD,OPTIONS
      Access-Control-Allow-Headers:
      - Accept,Authorization,Content-Type,Origin
      Location:
      - http://simpleisbm.assetricity.com/rest/sessions/8dd48f8f-81db-44d2-b6f5-e3cc31c72def/requests/d10c406a-a5a5-47c5-87ed-2aa87198a94b
      Content-Type:
      - application/json
      Content-Length:
      - '52'
    body:
      encoding: ASCII-8BIT
      string: '{"messageId":"d10c406a-a5a5-47c5-87ed-2aa87198a94b"}'
    http_version:
  recorded_at: Sun, 10 Oct 2021 06:58:04 GMT
- request:
    method: get
    uri: https://simpleisbm.assetricity.com/rest/sessions/1a571a60-ddda-438b-84f6-32b2ad41a37a/request
    body:
      encoding: US-ASCII
      string: ''
    headers:
      User-Agent:
      - OpenAPI-Generator/2.0.1/ruby
      Content-Type:
      - application/json
      Accept:
      - application/json
      Authorization:
      - Basic dTE6cDE=
      Expect:
      - ''
  response:
    status:
      code: 200
      message: ''
    headers:
      Date:
      - Sun, 10 Oct 2021 06:58:03 GMT
      Server:
      - Apache/2.4.48 () OpenSSL/1.0.2k-fips
      Simpleisbm-Queued-Messages:
      - '1'
      Access-Control-Allow-Origin:
      - "*"
      Access-Control-Allow-Methods:
      - GET,POST,PUT,DELETE,HEAD,OPTIONS
      Access-Control-Allow-Headers:
      - Accept,Authorization,Content-Type,Origin
      Content-Type:
      - application/json
      Content-Length:
      - '374'
    body:
      encoding: ASCII-8BIT
      string: '{"messageId":"d10c406a-a5a5-47c5-87ed-2aa87198a94b","messageContent":{"content":"<CCOMData
        xmlns:xsi=\"http://www.w3.org/2001/XMLSchema-instance\"\r\n          xmlns=\"http://www.mimosa.org/ccom4\">\r\n  <Entity
        xsi:type=\"Asset\">\r\n    <UUID>C013C740-19F5-11E1-92B7-6B8E4824019B</UUID>\r\n  </Entity>\r\n</CCOMData>\r\n","mediaType":"application/xml"},"topics":["topic"]}'
    http_version:
  recorded_at: Sun, 10 Oct 2021 06:58:04 GMT
- request:
    method: post
    uri: https://simpleisbm.assetricity.com/rest/sessions/1a571a60-ddda-438b-84f6-32b2ad41a37a/requests/d10c406a-a5a5-47c5-87ed-2aa87198a94b/responses
    body:
      encoding: UTF-8
      string: '{"messageContent":{"content":{"ccomData":[{"entity":{"@@type":"Asset","uuid":"C013C740-19F5-11E1-92B7-6B8E4824019B"}}]}}}'
    headers:
      User-Agent:
      - OpenAPI-Generator/2.0.1/ruby
      Content-Type:
      - application/json
      Accept:
      - application/json
      Authorization:
      - Basic dTE6cDE=
      Expect:
      - ''
  response:
    status:
      code: 201
      message: ''
    headers:
      Date:
      - Sun, 10 Oct 2021 06:58:03 GMT
      Server:
      - Apache/2.4.48 () OpenSSL/1.0.2k-fips
      Access-Control-Allow-Origin:
      - "*"
      Access-Control-Allow-Methods:
      - GET,POST,PUT,DELETE,HEAD,OPTIONS
      Access-Control-Allow-Headers:
      - Accept,Authorization,Content-Type,Origin
      Location:
      - http://simpleisbm.assetricity.com/rest/sessions/1a571a60-ddda-438b-84f6-32b2ad41a37a/requests/d10c406a-a5a5-47c5-87ed-2aa87198a94b/responses/2e5312c0-d9f3-420a-9f4a-8dbd4873584d
      Content-Type:
      - application/json
      Content-Length:
      - '52'
    body:
      encoding: ASCII-8BIT
      string: '{"messageId":"2e5312c0-d9f3-420a-9f4a-8dbd4873584d"}'
    http_version:
  recorded_at: Sun, 10 Oct 2021 06:58:04 GMT
- request:
    method: delete
    uri: https://simpleisbm.assetricity.com/rest/sessions/8dd48f8f-81db-44d2-b6f5-e3cc31c72def
    body:
      encoding: US-ASCII
      string: ''
    headers:
      User-Agent:
      - OpenAPI-Generator/2.0.1/ruby
      Content-Type:
      - application/json
      Accept:
      - application/json
      Authorization:
      - Basic dTE6cDE=
      Expect:
      - ''
  response:
    status:
      code: 204
      message: ''
    headers:
      Date:
      - Sun, 10 Oct 2021 06:58:03 GMT
      Server:
      - Apache/2.4.48 () OpenSSL/1.0.2k-fips
      Access-Control-Allow-Origin:
      - "*"
      Access-Control-Allow-Methods:
      - GET,POST,PUT,DELETE,HEAD,OPTIONS
      Access-Control-Allow-Headers:
      - Accept,Authorization,Content-Type,Origin
    body:
      encoding: ASCII-8BIT
      string: ''
    http_version:
  recorded_at: Sun, 10 Oct 2021 06:58:04 GMT
- request:
    method: delete
    uri: https://simpleisbm.assetricity.com/rest/sessions/1a571a60-ddda-438b-84f6-32b2ad41a37a
    body:
      encoding: US-ASCII
      string: ''
    headers:
      User-Agent:
      - OpenAPI-Generator/2.0.1/ruby
      Content-Type:
      - application/json
      Accept:
      - application/json
      Authorization:
      - Basic dTE6cDE=
      Expect:
      - ''
  response:
    status:
      code: 204
      message: ''
    headers:
      Date:
      - Sun, 10 Oct 2021 06:58:03 GMT
      Server:
      - Apache/2.4.48 () OpenSSL/1.0.2k-fips
      Access-Control-Allow-Origin:
      - "*"
      Access-Control-Allow-Methods:
      - GET,POST,PUT,DELETE,HEAD,OPTIONS
      Access-Control-Allow-Headers:
      - Accept,Authorization,Content-Type,Origin
    body:
      encoding: ASCII-8BIT
      string: ''
    http_version:
  recorded_at: Sun, 10 Oct 2021 06:58:04 GMT
- request:
    method: delete
    uri: https://simpleisbm.assetricity.com/rest/channels/%2FTest
    body:
      encoding: US-ASCII
      string: ''
    headers:
      User-Agent:
      - OpenAPI-Generator/2.0.1/ruby
      Content-Type:
      - application/json
      Accept:
      - application/json
      Authorization:
      - Basic dTE6cDE=
      Expect:
      - ''
  response:
    status:
      code: 204
      message: ''
    headers:
      Date:
      - Sun, 10 Oct 2021 06:58:03 GMT
      Server:
      - Apache/2.4.48 () OpenSSL/1.0.2k-fips
      Access-Control-Allow-Origin:
      - "*"
      Access-Control-Allow-Methods:
      - GET,POST,PUT,DELETE,HEAD,OPTIONS
      Access-Control-Allow-Headers:
      - Accept,Authorization,Content-Type,Origin
    body:
      encoding: ASCII-8BIT
      string: ''
    http_version:
  recorded_at: Sun, 10 Oct 2021 06:58:04 GMT
recorded_with: VCR 3.0.3
